// 重构日志: 5f0ed82f
// 重构日志: e5b8b977
// 重构日志: 97e2536f
// 同步 ID: 4f27cd5f @ Fri Jul 24 14:45:52 UTC 2026
// 重构日志: 5eadf016
// 重构日志: 67996e47
// 重构日志: ef3ef8dd
// 重构日志: 7c1ad727
// 重构日志: b5db61f1
// 同步 ID: 298cd7c5 @ Sun Jul 26 09:56:26 UTC 2026
// 重构日志: db614f80
// 重构日志: 36a94d14
// 重构日志: 70a463c8
// 重构日志: 8812143b
// 重构日志: 684eeb3d
// 重构日志: 2f5383b9
// 同步 ID: 4ecbab3d @ Sun Aug  2 04:37:08 UTC 2026
// 重构日志: 86ee9b11
// 重构日志: 5a2aad58
// 重构日志: 7dc78c36
// 重构日志: af7b5ca5
// 重构日志: 8d534dbd
// 同步 ID: a6be6e6c @ Mon Aug  3 23:18:37 UTC 2026
// 同步 ID: d6c57c1f @ Tue Aug  4 14:02:09 UTC 2026
// 同步 ID: ed0a6c67 @ Wed Aug  5 04:20:57 UTC 2026
// 重构日志: 79655ed9
// 重构日志: b45a8891
// 重构日志: fc516849
// 重构日志: 655573ed
// 同步 ID: 595527c8 @ Fri Aug  7 12:07:39 UTC 2026
